  sizeof.c
C:\Users\user\Desktop\윤보영ㅇ\0409\0409\sizeof.c(8,9): warning C4477: 'printf' : 서식 문자열 '%d'에 'int' 형식의 인수가 필요하지만 variadic 인수 1의 형식이 'size_t'입니다.
      C:\Users\user\Desktop\윤보영ㅇ\0409\0409\sizeof.c(8,9):
      서식 문자열에서 '%zd'을(를) 사용하는 것이 좋습니다.
  
C:\Users\user\Desktop\윤보영ㅇ\0409\0409\sizeof.c(9,9): warning C4477: 'printf' : 서식 문자열 '%d'에 'int' 형식의 인수가 필요하지만 variadic 인수 1의 형식이 'size_t'입니다.
      C:\Users\user\Desktop\윤보영ㅇ\0409\0409\sizeof.c(9,9):
      서식 문자열에서 '%zd'을(를) 사용하는 것이 좋습니다.
  
C:\Users\user\Desktop\윤보영ㅇ\0409\0409\sizeof.c(10,9): warning C4477: 'printf' : 서식 문자열 '%d'에 'int' 형식의 인수가 필요하지만 variadic 인수 1의 형식이 'size_t'입니다.
      C:\Users\user\Desktop\윤보영ㅇ\0409\0409\sizeof.c(10,9):
      서식 문자열에서 '%zd'을(를) 사용하는 것이 좋습니다.
  
C:\Users\user\Desktop\윤보영ㅇ\0409\0409\sizeof.c(12,9): warning C4477: 'printf' : 서식 문자열 '%d'에 'int' 형식의 인수가 필요하지만 variadic 인수 1의 형식이 'size_t'입니다.
      C:\Users\user\Desktop\윤보영ㅇ\0409\0409\sizeof.c(12,9):
      서식 문자열에서 '%zd'을(를) 사용하는 것이 좋습니다.
  
C:\Users\user\Desktop\윤보영ㅇ\0409\0409\sizeof.c(13,9): warning C4477: 'printf' : 서식 문자열 '%d'에 'int' 형식의 인수가 필요하지만 variadic 인수 1의 형식이 'size_t'입니다.
      C:\Users\user\Desktop\윤보영ㅇ\0409\0409\sizeof.c(13,9):
      서식 문자열에서 '%zd'을(를) 사용하는 것이 좋습니다.
  
C:\Users\user\Desktop\윤보영ㅇ\0409\0409\sizeof.c(14,9): warning C4477: 'printf' : 서식 문자열 '%d'에 'int' 형식의 인수가 필요하지만 variadic 인수 1의 형식이 'size_t'입니다.
      C:\Users\user\Desktop\윤보영ㅇ\0409\0409\sizeof.c(14,9):
      서식 문자열에서 '%zd'을(를) 사용하는 것이 좋습니다.
  
C:\Users\user\Desktop\윤보영ㅇ\0409\0409\sizeof.c(15,9): warning C4477: 'printf' : 서식 문자열 '%d'에 'int' 형식의 인수가 필요하지만 variadic 인수 1의 형식이 'size_t'입니다.
      C:\Users\user\Desktop\윤보영ㅇ\0409\0409\sizeof.c(15,9):
      서식 문자열에서 '%zd'을(를) 사용하는 것이 좋습니다.
  
C:\Users\user\Desktop\윤보영ㅇ\0409\0409\sizeof.c(16,9): warning C4477: 'printf' : 서식 문자열 '%d'에 'int' 형식의 인수가 필요하지만 variadic 인수 1의 형식이 'size_t'입니다.
      C:\Users\user\Desktop\윤보영ㅇ\0409\0409\sizeof.c(16,9):
      서식 문자열에서 '%zd'을(를) 사용하는 것이 좋습니다.
  
C:\Users\user\Desktop\윤보영ㅇ\0409\0409\sizeof.c(17,9): warning C4477: 'printf' : 서식 문자열 '%d'에 'int' 형식의 인수가 필요하지만 variadic 인수 1의 형식이 'size_t'입니다.
      C:\Users\user\Desktop\윤보영ㅇ\0409\0409\sizeof.c(17,9):
      서식 문자열에서 '%zd'을(를) 사용하는 것이 좋습니다.
  
  0409.vcxproj -> C:\Users\user\Desktop\윤보영ㅇ\0409\x64\Debug\0409.exe
